10-04 21:22:44 PHASE1 capacity monitor (free slot required)
10-04 21:23:57 still-full 21:23:56 "active_count":10 (iter 10)
10-04 21:25:18 still-full 21:25:16 "active_count":10 (iter 20)
10-04 21:26:38 still-full 21:26:37 "active_count":10 (iter 30)
10-04 21:27:58 still-full 21:27:57 "active_count":10 (iter 40)
10-04 21:29:17 still-full 21:29:16 "active_count":10 (iter 50)
10-04 21:30:38 still-full 21:30:37 "active_count":10 (iter 60)
10-04 21:32:00 still-full 21:31:59 "active_count":10 (iter 70)
10-04 21:33:22 still-full 21:33:21 "active_count":10 (iter 80)
10-04 21:34:44 still-full 21:34:43 "active_count":10 (iter 90)
10-04 21:36:06 still-full 21:36:05 "active_count":10 (iter 100)
10-04 21:37:28 still-full 21:37:27 "active_count":10 (iter 110)
10-04 21:38:50 still-full 21:38:49 "active_count":10 (iter 120)
10-04 21:40:12 still-full 21:40:11 "active_count":10 (iter 130)
10-04 21:41:33 still-full 21:41:32 "active_count":10 (iter 140)
10-04 21:42:55 still-full 21:42:54 "active_count":10 (iter 150)
10-04 21:44:17 still-full 21:44:16 "active_count":10 (iter 160)
10-04 21:45:37 still-full 21:45:36 "active_count":10 (iter 170)
10-04 21:46:59 still-full 21:46:58 "active_count":10 (iter 180)
10-04 21:48:21 still-full 21:48:20 "active_count":10 (iter 190)
10-04 21:49:42 still-full 21:49:41 "active_count":10 (iter 200)
10-04 21:51:04 still-full 21:51:03 "active_count":10 (iter 210)
10-04 21:52:25 still-full 21:52:24 "active_count":10 (iter 220)
10-04 21:53:47 still-full 21:53:46 "active_count":10 (iter 230)
10-04 21:55:09 still-full 21:55:08 "active_count":10 (iter 240)
10-04 21:56:30 still-full 21:56:29 "active_count":10 (iter 250)
10-04 21:57:03 FREE_SLOT 21:57:02 "active_count":9 (iter 254)
10-04 21:57:03 PHASE2 authorized literal submit
10-04 21:57:08 RESULT NO_TASK (final submit not queued; see r1-run.log)
